Running main() from /Users/ellie/Projects/zebes/include/googletest/googletest/src/gtest_main.cc
[==========] Running 4 tests from 1 test suite.
[----------] Global test environment set-up.
[----------] 4 tests from ParallaxPanelValidationTest
[ RUN      ] ParallaxPanelValidationTest.CreateAddsLayer
SetUp: Initialized textures
api_ is null!
